16:10:45 **** Incremental Build of configuration Debug for project SPIcalisma ****
make -j8 all 
arm-none-eabi-gcc "../Core/Src/main.c" -mcpu=cortex-m4 -std=gnu11 -g3 -DDEBUG -DUSE_HAL_DRIVER -DSTM32G474xx -c -I../Core/Inc -I../Drivers/STM32G4xx_HAL_Driver/Inc -I../Drivers/STM32G4xx_HAL_Driver/Inc/Legacy -I../Drivers/CMSIS/Device/ST/STM32G4xx/Include -I../Drivers/CMSIS/Include -O0 -ffunction-sections -fdata-sections -Wall -fstack-usage -fcyclomatic-complexity -MMD -MP -MF"Core/Src/main.d" -MT"Core/Src/main.o" --specs=nano.specs -mfpu=fpv4-sp-d16 -mfloat-abi=hard -mthumb -o "Core/Src/main.o"
In file included from ../Core/Src/main.c:25:
../Core/Inc/LoRa.h:1:1: warning: multi-line comment [-Wcomment]
    1 | // -------------------------------------------------- \\
      | ^
../Core/Src/main.c: In function 'main':
../Core/Src/main.c:102:3: warning: implicit declaration of function 'LoRa_Setup'; did you mean 'LoRa_setOCP'? [-Wimplicit-function-declaration]
  102 |   LoRa_Setup();
      |   ^~~~~~~~~~
      |   LoRa_setOCP
../Core/Src/main.c:124:52: warning: pointer targets in passing argument 2 of 'sprintf' differ in signedness [-Wpointer-sign]
  124 |                   sprintf("📡 Gelen veri: %s\r\n", buffer); // UART üzerinden çıktı
      |                                                    ^~~~~~
      |                                                    |
      |                                                    uint8_t * {aka unsigned char *}
In file included from ../Core/Src/main.c:24:
C:\ST\STM32CubeIDE_1.17.0\STM32CubeIDE\plugins\com.st.stm32cube.ide.mcu.externaltools.gnu-tools-for-stm32.12.3.rel1.win32_1.1.0.202410251130\tools\bin/../lib/gcc/arm-none-eabi/12.3.1/../../../../arm-none-eabi/include/stdio.h:250:36: note: expected 'const char * restrict' but argument is of type 'uint8_t *' {aka 'unsigned char *'}
  250 | int     sprintf (char *__restrict, const char *__restrict, ...)
      |                                    ^
../Core/Src/main.c: At top level:
../Core/Src/main.c:300:6: warning: conflicting types for 'LoRa_Setup'; have 'void(void)'
  300 | void LoRa_Setup(void){
      |      ^~~~~~~~~~
../Core/Src/main.c:102:3: note: previous implicit declaration of 'LoRa_Setup' with type 'void(void)'
  102 |   LoRa_Setup();
      |   ^~~~~~~~~~
arm-none-eabi-gcc -o "SPIcalisma.elf" @"objects.list"   -mcpu=cortex-m4 -T"C:\Users\Ali Yağız UZ\STM32CubeIDE\roket\SPI\STM32G474CETX_FLASH.ld" --specs=nosys.specs -Wl,-Map="SPIcalisma.map" -Wl,--gc-sections -static --specs=nano.specs -mfpu=fpv4-sp-d16 -mfloat-abi=hard -mthumb -Wl,--start-group -lc -lm -Wl,--end-group
Finished building target: SPIcalisma.elf
 
arm-none-eabi-size  SPIcalisma.elf 
arm-none-eabi-objdump -h -S SPIcalisma.elf  > "SPIcalisma.list"
   text	   data	    bss	    dec	    hex	filename
  22256	     92	   2260	  24608	   6020	SPIcalisma.elf
Finished building: default.size.stdout
 
Finished building: SPIcalisma.list
 
16:20:54 **** Incremental Build of configuration Debug for project SPIcalisma ****
make -j8 all 
arm-none-eabi-gcc "../Core/Src/main.c" -mcpu=cortex-m4 -std=gnu11 -g3 -DDEBUG -DUSE_HAL_DRIVER -DSTM32G474xx -c -I../Core/Inc -I../Drivers/STM32G4xx_HAL_Driver/Inc -I../Drivers/STM32G4xx_HAL_Driver/Inc/Legacy -I../Drivers/CMSIS/Device/ST/STM32G4xx/Include -I../Drivers/CMSIS/Include -O0 -ffunction-sections -fdata-sections -Wall -fstack-usage -fcyclomatic-complexity -MMD -MP -MF"Core/Src/main.d" -MT"Core/Src/main.o" --specs=nano.specs -mfpu=fpv4-sp-d16 -mfloat-abi=hard -mthumb -o "Core/Src/main.o"
In file included from ../Core/Src/main.c:25:
../Core/Inc/LoRa.h:1:1: warning: multi-line comment [-Wcomment]
    1 | // -------------------------------------------------- \\
      | ^
../Core/Src/main.c: In function 'main':
../Core/Src/main.c:102:3: warning: implicit declaration of function 'LoRa_Setup'; did you mean 'LoRa_setOCP'? [-Wimplicit-function-declaration]
  102 |   LoRa_Setup();
      |   ^~~~~~~~~~
      |   LoRa_setOCP
../Core/Src/main.c:117:60: warning: passing argument 2 of 'LoRa_receive' from incompatible pointer type [-Wincompatible-pointer-types]
  117 |                       int packetSize = LoRa_receive(&lora, buffer, sizeof(buffer));
      |                                                            ^~~~~~
      |                                                            |
      |                                                            uint16_t * {aka short unsigned int *}
../Core/Inc/LoRa.h:130:44: note: expected 'uint8_t *' {aka 'unsigned char *'} but argument is of type 'uint16_t *' {aka 'short unsigned int *'}
  130 | uint8_t LoRa_receive(LoRa* _LoRa, uint8_t* data, uint8_t length);
      |                                   ~~~~~~~~~^~~~
../Core/Src/main.c:124:52: warning: passing argument 2 of 'sprintf' from incompatible pointer type [-Wincompatible-pointer-types]
  124 |                   sprintf("📡 Gelen veri: %s\r\n", buffer); // UART üzerinden çıktı
      |                                                    ^~~~~~
      |                                                    |
      |                                                    uint16_t * {aka short unsigned int *}
In file included from ../Core/Src/main.c:24:
C:\ST\STM32CubeIDE_1.17.0\STM32CubeIDE\plugins\com.st.stm32cube.ide.mcu.externaltools.gnu-tools-for-stm32.12.3.rel1.win32_1.1.0.202410251130\tools\bin/../lib/gcc/arm-none-eabi/12.3.1/../../../../arm-none-eabi/include/stdio.h:250:36: note: expected 'const char * restrict' but argument is of type 'uint16_t *' {aka 'short unsigned int *'}
  250 | int     sprintf (char *__restrict, const char *__restrict, ...)
      |                                    ^
../Core/Src/main.c: At top level:
../Core/Src/main.c:300:6: warning: conflicting types for 'LoRa_Setup'; have 'void(void)'
  300 | void LoRa_Setup(void){
      |      ^~~~~~~~~~
../Core/Src/main.c:102:3: note: previous implicit declaration of 'LoRa_Setup' with type 'void(void)'
  102 |   LoRa_Setup();
      |   ^~~~~~~~~~
arm-none-eabi-gcc -o "SPIcalisma.elf" @"objects.list"   -mcpu=cortex-m4 -T"C:\Users\Ali Yağız UZ\STM32CubeIDE\roket\SPI\STM32G474CETX_FLASH.ld" --specs=nosys.specs -Wl,-Map="SPIcalisma.map" -Wl,--gc-sections -static --specs=nano.specs -mfpu=fpv4-sp-d16 -mfloat-abi=hard -mthumb -Wl,--start-group -lc -lm -Wl,--end-group
Finished building target: SPIcalisma.elf
 
arm-none-eabi-size  SPIcalisma.elf 
arm-none-eabi-objdump -h -S SPIcalisma.elf  > "SPIcalisma.list"
   text	   data	    bss	    dec	    hex	filename
  22256	     92	   2324	  24672	   6060	SPIcalisma.elf
Finished building: default.size.stdout
 
Finished building: SPIcalisma.list
 
16:24:41 **** Incremental Build of configuration Debug for project SPIcalisma ****
make -j8 all 
arm-none-eabi-size  SPIcalisma.elf 
   text	   data	    bss	    dec	    hex	filename
  22256	     92	   2324	  24672	   6060	SPIcalisma.elf
Finished building: default.size.stdout
 
16:25:01 **** Incremental Build of configuration Debug for project SPIcalisma ****
make -j8 all 
arm-none-eabi-size  SPIcalisma.elf 
   text	   data	    bss	    dec	    hex	filename
  22256	     92	   2324	  24672	   6060	SPIcalisma.elf
Finished building: default.size.stdout
 
16:52:58 **** Incremental Build of configuration Debug for project SPIcalisma ****
make -j8 all 
arm-none-eabi-size  SPIcalisma.elf 
   text	   data	    bss	    dec	    hex	filename
  22256	     92	   2324	  24672	   6060	SPIcalisma.elf
Finished building: default.size.stdout
 
16:53:56 **** Incremental Build of configuration Debug for project SPIcalisma ****
make -j8 all 
arm-none-eabi-size  SPIcalisma.elf 
   text	   data	    bss	    dec	    hex	filename
  22256	     92	   2324	  24672	   6060	SPIcalisma.elf
Finished building: default.size.stdout
 
16:54:13 **** Incremental Build of configuration Debug for project SPIcalisma ****
make -j8 all 
arm-none-eabi-size  SPIcalisma.elf 
   text	   data	    bss	    dec	    hex	filename
  22256	     92	   2324	  24672	   6060	SPIcalisma.elf
Finished building: default.size.stdout
 
16:56:36 **** Incremental Build of configuration Debug for project SPIcalisma ****
make -j8 all 
arm-none-eabi-size  SPIcalisma.elf 
   text	   data	    bss	    dec	    hex	filename
  22256	     92	   2324	  24672	   6060	SPIcalisma.elf
Finished building: default.size.stdout
 
17:06:46 **** Incremental Build of configuration Debug for project SPIcalisma ****
make -j8 all 
arm-none-eabi-size  SPIcalisma.elf 
   text	   data	    bss	    dec	    hex	filename
  22256	     92	   2324	  24672	   6060	SPIcalisma.elf
Finished building: default.size.stdout
 
17:13:44 **** Incremental Build of configuration Debug for project SPIcalisma ****
make -j8 all 
arm-none-eabi-size  SPIcalisma.elf 
   text	   data	    bss	    dec	    hex	filename
  22256	     92	   2324	  24672	   6060	SPIcalisma.elf
Finished building: default.size.stdout
 
17:14:06 **** Incremental Build of configuration Debug for project SPIcalisma ****
make -j8 all 
arm-none-eabi-size  SPIcalisma.elf 
   text	   data	    bss	    dec	    hex	filename
  22256	     92	   2324	  24672	   6060	SPIcalisma.elf
Finished building: default.size.stdout
 
17:14:20 **** Incremental Build of configuration Debug for project SPIcalisma ****
make -j8 all 
arm-none-eabi-size  SPIcalisma.elf 
   text	   data	    bss	    dec	    hex	filename
  22256	     92	   2324	  24672	   6060	SPIcalisma.elf
Finished building: default.size.stdout
 
