../Core/Src/w5500/w5500_spi.c:7:9:SPIReadWrite	16	static
../Core/Src/w5500/w5500_spi.c:22:6:wizchip_select	8	static
../Core/Src/w5500/w5500_spi.c:27:6:wizchip_deselect	8	static
../Core/Src/w5500/w5500_spi.c:32:9:wizchip_read	16	static
../Core/Src/w5500/w5500_spi.c:39:6:wizchip_write	16	static
../Core/Src/w5500/w5500_spi.c:44:6:wizchip_readburst	24	static
../Core/Src/w5500/w5500_spi.c:53:6:wizchip_writeburst	24	static
../Core/Src/w5500/w5500_spi.c:62:6:W5500IOInit	32	static
../Core/Src/w5500/w5500_spi.c:80:6:w5500_enter_critical	4	static,ignoring_inline_asm
../Core/Src/w5500/w5500_spi.c:85:6:w5500_exit_critical	4	static,ignoring_inline_asm
../Core/Src/w5500/w5500_spi.c:90:6:W5500Init	40	static
